// Jest Snapshot v1, https://goo.gl/fbAQLP

exports[`PokemonPage debe de hacer match con el snapshot, una vez cargados los pokemon 1`] = `
<div>
  <h1>¿Quien es este pokémon?</h1>
  <pokemon-picture-stub pokemonid="1" showpokemon="false"></pokemon-picture-stub>
  <pokemon-options-stub pokemons="[object Object],[object Object],[object Object],[object Object]"></pokemon-options-stub>
  <!--v-if-->
</div>
`;

exports[`PokemonPage debe hacer match con el snapshot 1`] = `<h1>Espere por favor...</h1>`;
